// Vitest Snapshot v1, https://vitest.dev/guide/snapshot.html

exports[`golden: argument domain and edges > every known divergence, every JS-only input, and the runtime shapes 1`] = `
[
  "search(1) on [1, 1, 1] → paths=[83010101,01]",
  "search(1) on {1: 1} → paths=[a10101,01]",
  "search(*) on [1, 2, 1, 2] → paths=[8401020102|8401020102,01|8401020102,02]",
  "search([*]) on [[1], [1]] → paths=[8281018101,8101]",
  "search(text) on {"k": "v", "x": "v"} → paths=[a2616b617661786176,616b|a2616b617661786176,6176|a2616b617661786176,6178]",
  "search(!1) on [1, 1, 1] → paths=[83010101]",
  "@a(search(1)) on [1, 1, 1] → paths=[83010101,01] captures{a=[83010101,01]}",
  "search(@x(search(1))) on [1, 1, 1] → paths=[83010101|83010101,01] captures{x=[83010101,01|83010101,01|83010101,01|83010101,01]}",
  "formatPaths(search(*)) on [1, 2, 1, 2] → "[1, 2, 1, 2]\\n[1, 2, 1, 2]\\n    1\\n[1, 2, 1, 2]\\n    2"",
  "[(@a(1))*] on [2]: matches → false",
  "[(@a(1))*] on [2] → paths=[]",
  "[(@a(1))*] on [1, 2] → paths=[]",
  "[(@a(1))*] on [1, 2, 3] → paths=[]",
  "[(@a(1 | 2))*] on [1, 2, 3] → paths=[]",
  "[(@a(number))*] on ["x"] → paths=[]",
  "[(@a(1))*, (@b(2))*] on [] → paths=[80] captures{a=[];b=[]}",
  "[(@a(1))*, (@b(2))*] on [1] → paths=[8101] captures{a=[8101,8101];b=[]}",
  "[(@a(1))*, 3] on [3] → paths=[8103] captures{a=[]}",
  "[(@a(1))+] on [1, 1] → paths=[]",
  "[@a((1)*)] on [1, 1] → paths=[820101] captures{a=[820101,01]}",
  "(search(1))* on [1, 2] → paths=[820102,01]",
  "(search(1)) on [1, 2] → paths=[820102,01]",
  "(search(1))? on [1, 2] → paths=[820102,01]",
  "@a((search(1))*) on [1, 2] → paths=[820102,01] captures{a=[820102,01]}",
  "([@a(*)]) on [1, 2] → paths=[]",
  "(1)* on 1 → paths=[01]",
  "(1)+ on 2 → paths=[]",
  "parsePattern("1 ") → "1"",
  "parsePattern(" 1 ") → "1"",
  "parsePattern("\\t1\\n") → "1"",
  "prefix "true rest" → "true@5"",
  "prefix "true " → "true@5"",
  "prefix "42    " → "42@6"",
  "prefix "42    more stuff" → "42@6"",
  "prefix "[1] ]" → "[1]@4"",
  "prefix "@a(1) )" → "@a(1)@6"",
  "prefix "1 | 2 3" → "1 | 2@6"",
  "prefix "tagged(1, *) x" → "tagged(1, *)@13"",
  "prefix "{1: 2} 3" → "{1: 2}@7"",
  "prefix "\\t 1 \\t" → "1@5"",
  "prefix "1 #" → "1@2"",
  "prefix "1 ... 2 3" → "1...2@8"",
  "prefix "true" → "true@4"",
  "1152921504606846976 on 2^60 → paths=[1b1000000000000000]",
  "9007199254740993 on 2^53 → paths=[1b0020000000000000]",
  "18446744073709551615 on 2^64-1 → paths=[fa5f800000]",
  ">1 on 2^60 → paths=[1b1000000000000000]",
  "1...18446744073709551615 on 2^64-1 → paths=[fa5f800000]",
  "<0 on -2^53-1 → paths=[3b001fffffffffffff]",
  "/(?i)abc/ → "/(?i)abc/"",
  "/(?P<n>a)/ → "/(?P<n>a)/"",
  "/(?s)./ → "/(?s)./"",
  "/(?m)^a$/ → "/(?m)^a$/"",
  "/a++/ → "/a++/"",
  "/a**/ → throw DcborPatternError(InvalidRegex)@0-5: Invalid regex pattern",
  "h'/(?-u)\\xff/' → "h'/(?-u)\\\\xff/'"",
  "h'/(?s)./' → "h'/(?s)./'"",
  "'/(?i)isa/' → "'/(?i)isa/'"",
  "date'/(?i)t/' → "date'/(?i)t/'"",
  "tagged(/(?i)DATE/, *) → "tagged(/(?i)DATE/,  *)"",
  "/(?=a)/ → throw DcborPatternError(InvalidRegex)@0-7: Invalid regex pattern",
  "/(?!a)/ → throw DcborPatternError(InvalidRegex)@0-7: Invalid regex pattern",
  "/(?<=a)b/ → throw DcborPatternError(InvalidRegex)@0-9: Invalid regex pattern",
  "/a{,3}/ → throw DcborPatternError(InvalidRegex)@0-7: Invalid regex pattern",
  "/\\k<n>/ → throw DcborPatternError(InvalidRegex)@0-7: Invalid regex pattern",
  "/(?<n>a)\\k<n>/ → throw DcborPatternError(InvalidRegex)@0-14: Invalid regex pattern",
  "/\\1/ → throw DcborPatternError(InvalidRegex)@0-4: Invalid regex pattern",
  "/(a)\\1/ → throw DcborPatternError(InvalidRegex)@0-7: Invalid regex pattern",
  "/\\c/ → throw DcborPatternError(InvalidRegex)@0-4: Invalid regex pattern",
  "/\\Z/ → throw DcborPatternError(InvalidRegex)@0-4: Invalid regex pattern",
  "/\\A/ → "/\\\\A/"",
  "/\\x{1F600}/ → "/\\\\x{1F600}/"",
  "/[[:alpha:]]+/ → "/[[:alpha:]]+/"",
  "/\\pL/ → "/\\\\pL/"",
  "// → "//"",
  "/^.$/ on "😀" → paths=[64f09f9880]",
  "/^.{2}$/ on "😀" → paths=[]",
  "/^\\S$/ on "😀" → paths=[64f09f9880]",
  "/^[^a]$/ on "😀" → paths=[64f09f9880]",
  "/\\w+/ on "é" → paths=[]",
  "/^\\d$/ on "٣" → paths=[]",
  "/^\\p{L}$/ on "é" → paths=[62c3a9]",
  "/\\bé/ on "é" → paths=[]",
  "/^\\W$/ on "é" → paths=[62c3a9]",
  "h'/\\xff/' on h'ff' → paths=[41ff]",
  "h'/^.$/' on h'ff' → paths=[41ff]",
  "h'/^.$/' on h'c3a9' → paths=[]",
  "h'/é/' on h'c3a9' → paths=[]",
  "h'/^..$/' on h'c3a9' → paths=[42c3a9]",
  "h'/^\\xc3\\xa9$/' on h'c3a9' → paths=[42c3a9]",
  "h'/[^\\x00]/' on h'0aff' → paths=[420aff]",
  "date'2023-06-15T12:30:60Z' → "date'2023-06-15T12:31:00Z'"",
  "date'2023-06-15t12:30:00z' → throw DcborPatternError(InvalidDateFormat)@0-26: Invalid date format",
  "date'0050-01-01' → "date'0050-01-01'"",
  "date'0000-01-01' → "date'0000-01-01'"",
  "date'2023-06-15 ' → "date'2023-06-15'"",
  "date' 2023-06-15' → "date'2023-06-15'"",
  "date'2023-06-15T24:00:00Z' → throw DcborPatternError(InvalidDateFormat)@0-26: Invalid date format",
  "date'2023-06-15T12:30:00.123456Z' on the microsecond date → paths=[c1fb41d922c11207e6b4]",
  "date'1969-12-31T23:59:59.5Z' → "date'1970-01-01'"",
  "date'2023-06-15...2023-06-16' → "date'2023-06-15...2023-06-16'"",
  "1e21 → "1000000000000000000000"",
  "1e-7 → "0.0000001"",
  "0.0000001 → "0.0000001"",
  "1e100 → "10000000000000000000000000000000000000000000000000000000000000000000000000000000000000000000000000000"",
  "1e308 → "100000000000000000000000000000000000000000000000000000000000000000000000000000000000000000000000000000000000000000000000000000000000000000000000000000000000000000000000000000000000000000000000000000000000000000000000000000000000000000000000000000000000000000000000000000000000000000000000000000000000000000000"",
  "5e-324 → "0.000000000000000000000000000000000000000000000000000000000000000000000000000000000000000000000000000000000000000000000000000000000000000000000000000000000000000000000000000000000000000000000000000000000000000000000000000000000000000000000000000000000000000000000000000000000000000000000000000000000000000000000000000000000005"",
  ">1e21 → ">1000000000000000000000"",
  "1...1e21 → "1...1000000000000000000000"",
  "-0 → "0"",
  "1.0 → "1"",
  "1.50 → "1.5"",
  "1e400 → throw DcborPatternError(InvalidNumberFormat)@0-5: Invalid number format",
  "9007199254740993 → "9007199254740992"",
  "display(textRegex(/X/i)) → "/(?i)X/"",
  "textRegex(/x/g) three times → throw TypeError: a pattern regex cannot carry the g or y flag",
  "display(textRegex(new RegExp(""))) → "//"",
  "display(byteStringRegex(/\\xff/i)) → "h'/(?i)\\\\xff/'"",
  "{"a": [@x(1)]} on {"a": [1]} → paths=[a161618101] captures{x=[a161618101,8101]}",
  "{"a": {"b": @x(1)}} on {"a": {"b": 1}} → paths=[a16161a1616201] captures{x=[a16161a1616201,a1616201]}",
  "{@k("a"): {"b": @v(1)}} on {"a": {"b": 1}} → paths=[a16161a1616201] captures{k=[a16161a1616201,6161];v=[a16161a1616201,a1616201]}",
  "{"a": [{"b": @x(1)}, {"b": @y(2)}]} on {"a": [{"b": 1}, {"b": 2}]} → paths=[a1616182a1616201a1616202] captures{x=[a1616182a1616201a1616202,82a1616201a1616202];y=[a1616182a1616201a1616202,82a1616201a1616202]}",
  "@t(tagged(100, @c([@e(*)]))) on 100([1, [2]]) → paths=[d86482018102,8102|d86482018102|d86482018102,01] captures{c=[d86482018102,82018102|d86482018102,82018102|d86482018102,82018102];e=[d86482018102,82018102|d86482018102,82018102];t=[d86482018102,8102|d86482018102|d86482018102,01]}",
  "tagged(100, {"a": @v(1)}) on 100({"a": 1}) → paths=[d864a1616101] captures{v=[d864a1616101,a1616101]}",
  "{"a": @v(number), "b": @v(number)} on {"a": 1} → paths=[]",
  "[@a(*), @a(*)] on [1, 1] → paths=[820101] captures{a=[820101,01|820101,01]}",
  "{@a(*): @a(*)} on {1: 1} → paths=[a10101] captures{a=[a10101,01|a10101,01]}",
  "{"a": @v(number), "b": @v(number)} on {"a": 1, "b": 1} → paths=[a2616101616201] captures{v=[a2616101616201,01|a2616101616201,01]}",
  "tagged(+1, *) → "tagged(1, *)"",
  "tagged(+1, *) on 1(1) → paths=[c101]",
  "tagged(date, *) on 1(1) → paths=[c101]",
  "tagged(/^d/, *) on 1(1) → paths=[c101]",
  "tagged(known-value, *) on 40000(1) → paths=[d99c4001]",
  "'value' on 40000(25) → paths=[]",
  "'Self' on 40000(706) → paths=[]",
  "'/^\\d+$/' on 40000(25) → paths=[d99c401819]",
  "[ x 500 → "throw DcborPatternError(UnexpectedEndOfInput): Unexpected end of input"",
  "[ x 1000 → "throw DcborPatternError(NestingTooDeep)@500-501: Nesting deeper than 500 levels"",
  "[ x 3000 → "throw DcborPatternError(NestingTooDeep)@500-501: Nesting deeper than 500 levels"",
  "balanced [ x 400 → "[[[[[[[[[[[[[[[[[[[[[[[[[[[[[[[[[[[[[[[[[[[[[[[[[[[[[[[[[[[[[[[[[[[[[[[[[[[[[[[[[[[[[[[[[[[[[[[[[[[[[[[[[[[[[[[[[[[[[[[[[[[[[[[[[[[[[[[[[[[[[[[[[[[[[[[[[[[[[[[[[[[[[[[[[[[[[[[[[[[[[[[[[[[[[[[[[[[[[[[[[[[[[[[[[[[[[[[[[[[[[[[[[[[[[[[[[[[[[[[[[[[[[[[[[[[[[[[[[[[[[[[[[[[[[[[[[[[[[[[[[[[[[[[[[[[[[[[[[[[[[[[[[[[[[[[[[[[[[[[[[[[[[[[[[[[[[[[[[[[[[[[[[[[[[[[[[[[[[[[[[[[[[[[[[[[[[[[[[[[[[[[[[[[[[[[[[[[[[[[[{0,}]]]]]]]]]]]]]]]]]]]]]]]]]]]]]]]]]]]]]]]]]]]]]]]]]]]]]]]]]]]]]]]]]]]]]]]]]]]]]]]]]]]]]]]]]]]]]]]]]]]]]]]]]]]]]]]]]]]]]]]]]]]]]]]]]]]]]]]]]]]]]]]]]]]]]]]]]]]]]]]]]]]]]]]]]]]]]]]]]]]]]]]]]]]]]]]]]]]]]]]]]]]]]]]]]]]]]]]]]]]]]]]]]]]]]]]]]]]]]]]]]]]]]]]]]]]]]]]]]]]]]]]]]]]]]]]]]]]]]]]]]]]]]]]]]]]]]]]]]]]]]]]]]]]]]]]]]]]]]]]]]]]]]]]]]]]]]]]]]]]]]]]]]]]]]]]]]]]]]]]]]]]]]]]]]]]]]]]]]]]]]]]]]]]]]]]]]]]]]]]]"",
  "search( x 2000 → "throw DcborPatternError(NestingTooDeep)@3500-3506: Nesting deeper than 500 levels"",
  "( x 2500 → "throw DcborPatternError(NestingTooDeep)@500-501: Nesting deeper than 500 levels"",
  "search(1) over 1000 nested arrays → 1",
  "parsePattern(undefined) → throw TypeError: pattern source must be a string",
  "parsePattern(123) → throw TypeError: pattern source must be a string",
  "tryParsePattern(undefined) → throw TypeError: pattern source must be a string",
  "paths(p, undefined) → throw TypeError: haystack must be a Cbor value",
  "paths(p, {}) → throw TypeError: haystack must be a Cbor value",
  "paths(p, "text") → throw TypeError: haystack must be a Cbor value",
  "mutating a parsed pattern changes its display → throw TypeError: Cannot assign to read only property 'value' of object '#<Object>'",
  "Object.isFrozen(DcborPatternErrorCode) → true",
  "Object.isFrozen(Reluctance) → false",
  "Object.isFrozen(parsePattern('1')) → [true,true,true]",
  "Object.isFrozen(error.details), (error.details.span) → [true,true]",
  "Object.isFrozen(pathsWithCaptures(...)), (.paths) → [false,false]",
  "new Interval(3, 1) → throw RangeError",
  "new Interval(-1) → throw RangeError",
  "new Interval(1.5) → throw RangeError",
  "Quantifier.from(2, 1) → throw RangeError",
  "Interval.from(1, 3).min is a method → "number"",
  "Quantifier.exactly(1).reluctance is a method → "string"",
  "capture("a b", any()) → throw RangeError",
  "taggedName("a b", any()) → throw RangeError",
  "and() → """,
  "or() → """,
  "sequence() → "()"",
  "number(NaN) → throw RangeError",
  "number(-0) → "0"",
  "number(1e21) → "1000000000000000000000"",
  "dateIso8601("nope") → throw RangeError",
  "digestPrefix(33 bytes) → throw RangeError",
  "text("a\\nb") re-parses → ["\\"a\\nb\\"","\\"a\\nb\\""]",
  "paths(...)[0][0] === haystack → true",
  "parsePattern("(1") message → throw DcborPatternError(ExpectedCloseParen)@2-2: Expected closing parenthesis",
  "parsePattern("(1") details keys → ["code","span"]",
  "parsePattern("& 1") UnexpectedToken details → ["UnexpectedToken",["code","kind","span","text"],null]",
  "DcborPatternErrorCode has Unknown → false",
  "isDcborPatternError of a same-shaped error from another copy → true",
  "error own keys → ["code","details","name"]",
  "format exports → ["formatPath","formatPaths"]",
  "patterns export count → 159",
  "exports → ["DEFAULT_INTERVAL","DEFAULT_QUANTIFIER","DEFAULT_RELUCTANCE","DcborPatternError","DcborPatternErrorCode","Interval","Quantifier","Reluctance","and","any","anyArray","anyBool","anyByteString","anyDate","anyDigest","anyKnownValue","anyMap","anyNumber","anyTagged","anyText","boolean","byteString","byteStringRegex","capture","date","dateEarliest","dateIso8601","dateLatest","dateRange","dateRegex","digest","digestBinaryRegex","digestPrefix","display","group","knownValue","knownValueNamed","knownValueRegex","matches","not","nullValue","number","numberGreaterThan","numberGreaterThanOrEqual","numberInfinity","numberLessThan","numberLessThanOrEqual","numberNaN","numberNegInfinity","numberRange","or","parsePattern","parsePatternPrefix","paths","pathsWithCaptures","patternEquals","repeat","search","sequence","span","spanToByteOffsets","tagged","taggedName","taggedRegex","text","textRegex","tryParsePattern","tryParsePatternPrefix"]",
]
`;

exports[`golden: argument domain and edges > the /patterns entry imported alone 1`] = `"true"`;
