// Vitest Snapshot v1, https://vitest.dev/guide/snapshot.html

exports[`golden: hand patterns > display or rejection of every pattern 1`] = `
[
  ""   ": throw:UnexpectedEndOfInput",
  ""-42": -42",
  ""-Infinity": -Infinity",
  ""!!bool": !(!bool)",
  ""!(>5 & <10)": !(>5 & <10){1}",
  ""!(number | text)": !(number | text){1}",
  ""!*": !*",
  ""!5": !5",
  ""!bool": !bool",
  ""!number & text": !number & text",
  ""!number": !number",
  ""'date'": 'date'",
  ""'isA'": 'isA'",
  ""'unknownValue'": 'unknownValue'",
  """: throw:UnexpectedEndOfInput",
  ""((bool))": ((bool){1}){1}",
  ""((number | text))": ((number | text){1}){1}",
  ""(bool | text) & number": (bool | text){1} & number",
  ""(bool": throw:ExpectedCloseParen@5-5",
  ""(number | text)": (number | text){1}",
  ""[(*)??]": [(*)??]",
  ""[(*)?]": [(*)?]",
  ""[(*)?+]": [(*)?+]",
  ""[(*)]": [(*){1}]",
  ""[(*){0,3}]": [(*){0,3}]",
  ""[(*){2,}]": [(*){2,}]",
  ""[(*){2,4}]": [(*){2,4}]",
  ""[(*){3}]": [(*){3}]",
  ""[(*)*, @item(42), (*)*]": [(*)*, @item(42), (*)*]",
  ""[(*)*, 100, (*)*]": [(*)*, 100, (*)*]",
  ""[(*)*, 42, (*)*]": [(*)*, 42, (*)*]",
  ""[(*)*?]": [(*)*?]",
  ""[(*)*]": [(*)*]",
  ""[(*)*+]": [(*)*+]",
  ""[(*)+?]": [(*)+?]",
  ""[(*)+]": [(*)+]",
  ""[(*)++]": [(*)++]",
  ""[(number)*, (text)+]": [(number)*, (text)+]",
  ""[(number)*, @item(text)]": [(number)*, @item(text)]",
  ""[(number)*]": [(number)*]",
  ""[(text)+]": [(text)+]",
  ""[[number]]": [[number]]",
  ""[{2}]": [{2}]",
  ""[{5}]": [{5}]",
  ""[@a((number)*)]": [@a((number)*)]",
  ""[@a(*), @rest((*)*)]": [@a(*), @rest((*)*)]",
  ""[@a(number) | @b(text)]": [@a(number) | @b(text)]",
  ""[@any_item(*)]": [@any_item(*)]",
  ""[@first(number), (*)*]": [@first(number), (*)*]",
  ""[@first(number), @second(number)]": [@first(number), @second(number)]",
  ""[@item(42)]": [@item(42)]",
  ""[@item(number)]": [@item(number)]",
  ""[@num(number)]": [@num(number)]",
  ""[@outer_item([@inner_item(number)])]": [@outer_item([@inner_item(number)])]",
  ""[@outer([@inner(number)])]": [@outer([@inner(number)])]",
  ""[@specific(42)]": [@specific(42)]",
  ""[*] | map": [*] | map",
  ""[*]": [*]",
  ""[1, 2, 3]": [1, 2, 3]",
  ""[42]": [42]",
  ""[number, text, bool]": [number, text, bool]",
  ""[number]": [number]",
  ""{-1: text}": {-1: text}",
  ""{'100': text}": {'100': text}",
  ""{{0}}": {{0}}",
  ""{{1}}": {{1}}",
  ""{{2,8}}": {{2,8}}",
  ""{{3,}}": {{3,}}",
  ""{{3}}": {{3}}",
  ""{{5,}}": {{5,}}",
  ""{{5,15}}": {{5,15}}",
  ""{{5}}": {{5}}",
  ""{}": throw:UnexpectedToken(BraceClose)@1-2",
  ""{1: text}": {1: text}",
  ""{3.2222: text}": {3.2222: text}",
  ""{h'68656c6c6f': text}": {h'68656c6c6f': text}",
  ""{text: number}": {text: number}",
  ""{true: text}": {true: text}",
  ""@a(@b(42))": @a(@b(42))",
  ""@anything(*)": @anything(*)",
  ""@arr([@item(number)])": @arr([@item(number)])",
  ""@arr([42])": @arr([42])",
  ""@item(42)": @item(42)",
  ""@item(bool | text)": @item(bool | text)",
  ""@name bool": throw:UnexpectedToken(Bool)@6-10",
  ""@name(bool": throw:ExpectedCloseParen@10-10",
  ""@name(bool)": @name(bool)",
  ""@nothing(!*)": @nothing(!*)",
  ""@num(42)": @num(42)",
  ""@outer([@inner(42)])": @outer([@inner(42)])",
  ""@outer(@inner(42))": @outer(@inner(42))",
  ""@outer(@inner(bool))": @outer(@inner(bool))",
  ""@result(bool | (text & !null)) | @number(number)": @result(bool | (text & !null){1}) | @number(number)",
  ""@test(42)": @test(42)",
  ""@val(42 | 100)": @val(42 | 100)",
  ""*": *",
  ""/^hello/": /^hello/",
  ""<=10": <=10",
  ""<10": <10",
  "">=10": >=10",
  "">10": >10",
  "">5 & <10": >5 & <10",
  ""1...10": 1...10",
  ""10...20": 10...20",
  ""3.14": 3.14",
  ""3.2222": 3.2222",
  ""42    more stuff": throw:ExtraData@2-16",
  ""42 |": throw:UnexpectedEndOfInput",
  ""42": 42",
  ""array | map": array | map",
  ""array": array",
  ""bool & !text": bool & !text",
  ""bool & text & number": bool & text & number",
  ""bool & text": bool & text",
  ""bool | !text": bool | !text",
  ""bool | number": bool | number",
  ""bool | text & number": bool | text & number",
  ""bool | text | number": bool | text | number",
  ""bool | text": bool | text",
  ""bool": bool",
  ""bool&text&number": bool & text & number",
  ""bool|text|number": bool | text | number",
  ""bstr": bstr",
  ""date": date",
  ""digest''": throw:InvalidDigestPattern@0-8",
  ""digest'abc'": throw:InvalidHexString@0-11",
  ""digest'unclosed": throw:UnterminatedDigestQuoted@0-15",
  ""digest'ur:invalid/data'": throw:InvalidUr@0-23",
  ""digest'xyzz'": throw:InvalidDigestPattern@0-12",
  ""digest": digest",
  ""false": false",
  ""h'000102'": h'000102'",
  ""h'00010203fffefd'": h'00010203fffefd'",
  ""h'01020304'": h'01020304'",
  ""h'0506'": h'0506'",
  ""h'deadbeef'": h'deadbeef'",
  ""Infinity": Infinity",
  ""known": known",
  ""map": map",
  ""NaN": NaN",
  ""null": null",
  ""number & (42 | 43)": number & (42 | 43){1}",
  ""number & 42 | text": number & 42 | text",
  ""number & 42": number & 42",
  ""number & text": number & text",
  ""number | text | bool": number | text | bool",
  ""number | text": number | text",
  ""number": number",
  ""search 42": throw:UnexpectedToken(NumberLiteral)@7-9",
  ""search()": throw:UnexpectedToken(ParenClose)@7-8",
  ""search([@a(*), @rest((*)*)])": search([@a(*), @rest((*)*)])",
  ""search([*])": search([*])",
  ""search(@found(42))": search(@found(42))",
  ""search(@item(42))": search(@item(42))",
  ""search(@item(array))": search(@item(array))",
  ""search(@notfound(999))": search(@notfound(999))",
  ""search(@nums(number))": search(@nums(number))",
  ""search(@target(42))": search(@target(42))",
  ""search(*)": search(*)",
  ""search(1)": search(1)",
  ""search(42": throw:ExpectedCloseParen@9-9",
  ""search(42) & search(text)": search(42) & search(text)",
  ""search(42) | text": search(42) | text",
  ""search(42)": search(42)",
  ""search(array)": search(array)",
  ""search(bool | text)": search(bool | text)",
  ""search(number)": search(number)",
  ""tagged": tagged",
  ""tagged(1, @content(42))": tagged(1, @content(42))",
  ""text": text",
  ""true | false": true | false",
  ""true extra": throw:ExtraData@4-10",
  ""true false": throw:ExtraData@4-10",
  ""true": true",
  ""\\"hello\\" | 42": "hello" | 42",
  ""[({\\"id\\": number})*, (*)*, ({\\"name\\": text})*]": [({"id": number})*, (*)*, ({"name": text})*]",
  ""[{\\"id\\": number}, (*)*]": [{"id": number}, (*)*]",
  ""[@first(\\"a\\"), @second(42)]": [@first("a"), @second(42)]",
  ""{\\"data\\": @inner(array)}": {"data": @inner(array)}",
  ""{\\"name\\": \\"Alice\\"}": {"name": "Alice"}",
  ""{\\"name\\":text, \\"age\\":number}": {"name": text, "age": number}",
  ""{\\"status\\": @status(text)}": {"status": @status(text)}",
  ""{\\"users\\": [{3,}]}": {"users": [{3,}]}",
  ""{@any_key(text): @any_value(*)}": {@any_key(text): @any_value(*)}",
  ""{@key(\\"name\\"): @value(\\"Alice\\")}": {@key("name"): @value("Alice")}",
  ""{@key1(text): @val1(number), @key2(text): @val2(text)}": {@key1(text): @val1(number), @key2(text): @val2(text)}",
  ""{*:\\"target\\", 42:true}": {*: "target", 42: true}",
  ""@first(42) | @second(\\"hello\\")": @first(42) | @second("hello")",
  ""@greeting(\\"hello\\")": @greeting("hello")",
  ""digest'\${digestHex}'": throw:InvalidDigestPattern@0-20",
  ""search(\\"hello\\")": search("hello")",
  ""search(\\"needle\\")": search("needle")",
  ""search(@deep(\\"target\\"))": search(@deep("target"))",
  ""search(@found({\\"id\\": @id_value(number)}))": search(@found({"id": @id_value(number)}))",
  ""tagged(100, [\\"target\\"])": tagged(100, ["target"])",
  ""tagged(100, [({\\"key\\": number})*, \\"separator\\", ({\\"value\\": text})*])": tagged(100, [({"key": number})*, "separator", ({"value": text})*])",
  ""tagged(100, [(*)*, \\"target\\", (*)*])": tagged(100, [(*)*, "target", (*)*])",
  ""tagged(100, {\\"a\\": {\\"b\\": {\\"c\\": {\\"d\\": [42]}}}})": tagged(100, {"a": {"b": {"c": {"d": [42]}}}})",
  ""tagged(200, {\\"data\\": [({\\"value\\": number})*]})": tagged(200, {"data": [({"value": number})*]})",
  ""tagged(200, {\\"data\\": [{\\"value\\": number}]})": tagged(200, {"data": [{"value": number}]})",
  ""tagged(300, [{*: *}, (*)*])": tagged(300, [{*: *}, (*)*])",
  ""tagged(400, {\\"level1\\": {\\"level2\\": {\\"level3\\": [42]}}})": tagged(400, {"level1": {"level2": {"level3": [42]}}})",
  ""@(42)": throw:InvalidCaptureGroupName@0-1",
  ""@name()": throw:UnexpectedToken(ParenClose)@6-7",
  ""@name(42": throw:ExpectedCloseParen@8-8",
  ""digest'xyz'": throw:InvalidDigestPattern@0-11",
  ""h'/abc/'": h'/abc/'",
  ""number(42)": throw:ExtraData@6-10",
  ""number(-1)": throw:ExtraData@6-10",
  ""number(1.5)": throw:ExtraData@6-11",
  ""number(1...10)": throw:ExtraData@6-14",
  ""number(>5)": throw:ExtraData@6-10",
  ""number(>=5)": throw:ExtraData@6-11",
  ""number(<5)": throw:ExtraData@6-10",
  ""number(<=5)": throw:ExtraData@6-11",
  ""number(NaN)": throw:ExtraData@6-11",
  ""number(Infinity)": throw:ExtraData@6-16",
  ""number(-Infinity)": throw:ExtraData@6-17",
  ""text(\\"hello\\")": throw:ExtraData@4-13",
  ""text(/^h/)": throw:ExtraData@4-10",
  ""bstr(h'0102')": throw:ExtraData@4-13",
  ""bstr(/^\\\\x01/)": throw:ExtraData@4-13",
  ""date(2023-01-01)": throw:ExtraData@4-16",
  ""date(2023-01-01...2023-12-31)": throw:ExtraData@4-29",
  ""date(2023-01-01...)": throw:ExtraData@4-19",
  ""date(...2023-12-31)": throw:ExtraData@4-19",
  ""date(iso-8601:2023)": throw:ExtraData@4-19",
  ""date(/2023/)": throw:ExtraData@4-12",
  ""known(1)": throw:ExtraData@5-8",
  ""known('isA')": throw:ExtraData@5-12",
  ""known(/^is/)": throw:ExtraData@5-12",
  ""digest(0000)": throw:ExtraData@6-12",
  ""digest(h'00')": throw:ExtraData@6-13",
  ""digest(ur:digest/hdcxjkgtghdsctkocwcelokebdzedpsbrnjnsemsdnndhknpmhstsfhceosgltdmdtaoloehk)": throw:ExtraData@6-91",
  ""tagged(1)": throw:UnexpectedEndOfInput",
  ""tagged(1, *)": tagged(1, *)",
  ""tagged(date, *)": tagged(date, *)",
  ""tagged(/^d/, *)": tagged(/^d/,  *)",
  ""tagged(*, number)": tagged(*, number)",
  ""[]": [{0}]",
  ""[number, text]": [number, text]",
  ""[(number)+, text]": [(number)+, text]",
  ""[@a(*)*]": throw:ExpectedCloseBracket@6-7",
  ""{*}": throw:ExpectedColon@2-3",
  ""{\\"a\\": *}": {"a": *}",
  ""{number: text}": {number: text}",
  ""{\\"a\\": number, \\"b\\": text}": {"a": number, "b": text}",
  ""{{2}}": {{2}}",
  ""{{1,3}}": {{1,3}}",
  ""search(text(\\"x\\"))": throw:ExpectedCloseParen@11-12",
  ""@x(number)": @x(number)",
  ""@name(text | number)": @name(text | number)",
  ""(number | text) & !bool": (number | text){1} & !bool",
  ""number & *": number & *",
  ""((((number))))": ((((number){1}){1}){1}){1}",
  ""[(*)*, @last(*)]": [(*)*, @last(*)]",
  ""[@item(number){2,3}]": throw:ExpectedCloseBracket@14-19",
  ""[(number){2}]": [(number){2}]",
  ""[@a(number), @b(text), (*)*]": [@a(number), @b(text), (*)*]",
  ""{@k(text): @v(number)}": {@k(text): @v(number)}",
  ""tagged(@t(1), @c(*))": throw:UnexpectedEndOfInput",
  ""search(@n(number))": search(@n(number))",
  ""(": throw:UnexpectedEndOfInput",
  ""[": throw:UnexpectedEndOfInput",
  ""{": throw:UnexpectedEndOfInput",
  "")": throw:UnexpectedToken(ParenClose)@0-1",
  ""number(": throw:ExtraData@6-7",
  ""number(1..2)": throw:ExtraData@6-12",
  ""text(/unterminated": throw:ExtraData@4-18",
  ""@(number)": throw:InvalidCaptureGroupName@0-1",
  ""@1x(number)": throw:InvalidCaptureGroupName@0-1",
  ""number | ": throw:UnexpectedEndOfInput",
  ""& number": throw:UnexpectedToken(And)@0-1",
  ""[number,]": throw:UnexpectedToken(BracketClose)@8-9",
  ""{\\"a\\":}": throw:UnexpectedToken(BraceClose)@5-6",
  ""tagged(,*)": throw:UnexpectedEndOfInput",
  ""date(2023-13-01)": throw:ExtraData@4-16",
  ""known(1": throw:ExtraData@5-7",
  ""bstr(h'zz')": throw:ExtraData@4-11",
  ""digest(h'')": throw:ExtraData@6-11",
  ""[(*){3,1}]": throw:InvalidRange@4-9",
  ""[(*){-1}]": throw:ExpectedCloseBracket@4-5",
  ""number(1...)": throw:ExtraData@6-12",
  ""number(...5)": throw:ExtraData@6-12",
  ""text(\\"unterminated": throw:ExtraData@4-18",
  ""xyz": throw:UnrecognizedToken@0-3",
  ""Number": throw:UnrecognizedToken@0-6",
  ""NUMBER": throw:UnrecognizedToken@0-6",
  ""array(3)": throw:ExtraData@5-8",
  ""map(2)": throw:ExtraData@3-6",
  ""[(*)*, (*)*]": [(*)*, (*)*]",
]
`;

exports[`golden: hand patterns display or rejection of every pattern 1`] = `
[
  ""   ": throw:UnexpectedEndOfInput",
  ""-42": -42",
  ""-Infinity": -Infinity",
  ""!!bool": !(!bool)",
  ""!(>5 & <10)": !(>5 & <10){1}",
  ""!(number | text)": !(number | text){1}",
  ""!*": !*",
  ""!5": !5",
  ""!bool": !bool",
  ""!number & text": !number & text",
  ""!number": !number",
  ""'date'": 'date'",
  ""'isA'": 'isA'",
  ""'unknownValue'": 'unknownValue'",
  """: throw:UnexpectedEndOfInput",
  ""((bool))": ((bool){1}){1}",
  ""((number | text))": ((number | text){1}){1}",
  ""(bool | text) & number": (bool | text){1} & number",
  ""(bool": throw:ExpectedCloseParen@5-5",
  ""(number | text)": (number | text){1}",
  ""[(*)??]": [(*)??]",
  ""[(*)?]": [(*)?]",
  ""[(*)?+]": [(*)?+]",
  ""[(*)]": [(*){1}]",
  ""[(*){0,3}]": [(*){0,3}]",
  ""[(*){2,}]": [(*){2,}]",
  ""[(*){2,4}]": [(*){2,4}]",
  ""[(*){3}]": [(*){3}]",
  ""[(*)*, @item(42), (*)*]": [(*)*, @item(42), (*)*]",
  ""[(*)*, 100, (*)*]": [(*)*, 100, (*)*]",
  ""[(*)*, 42, (*)*]": [(*)*, 42, (*)*]",
  ""[(*)*?]": [(*)*?]",
  ""[(*)*]": [(*)*]",
  ""[(*)*+]": [(*)*+]",
  ""[(*)+?]": [(*)+?]",
  ""[(*)+]": [(*)+]",
  ""[(*)++]": [(*)++]",
  ""[(number)*, (text)+]": [(number)*, (text)+]",
  ""[(number)*, @item(text)]": [(number)*, @item(text)]",
  ""[(number)*]": [(number)*]",
  ""[(text)+]": [(text)+]",
  ""[[number]]": [[number]]",
  ""[{2}]": [{2}]",
  ""[{5}]": [{5}]",
  ""[@a((number)*)]": [@a((number)*)]",
  ""[@a(*), @rest((*)*)]": [@a(*), @rest((*)*)]",
  ""[@a(number) | @b(text)]": [@a(number) | @b(text)]",
  ""[@any_item(*)]": [@any_item(*)]",
  ""[@first(number), (*)*]": [@first(number), (*)*]",
  ""[@first(number), @second(number)]": [@first(number), @second(number)]",
  ""[@item(42)]": [@item(42)]",
  ""[@item(number)]": [@item(number)]",
  ""[@num(number)]": [@num(number)]",
  ""[@outer_item([@inner_item(number)])]": [@outer_item([@inner_item(number)])]",
  ""[@outer([@inner(number)])]": [@outer([@inner(number)])]",
  ""[@specific(42)]": [@specific(42)]",
  ""[*] | map": [*] | map",
  ""[*]": [*]",
  ""[1, 2, 3]": [1, 2, 3]",
  ""[42]": [42]",
  ""[number, text, bool]": [number, text, bool]",
  ""[number]": [number]",
  ""{-1: text}": {-1: text}",
  ""{'100': text}": {'100': text}",
  ""{{0}}": {{0}}",
  ""{{1}}": {{1}}",
  ""{{2,8}}": {{2,8}}",
  ""{{3,}}": {{3,}}",
  ""{{3}}": {{3}}",
  ""{{5,}}": {{5,}}",
  ""{{5,15}}": {{5,15}}",
  ""{{5}}": {{5}}",
  ""{}": throw:UnexpectedToken(BraceClose)@1-2",
  ""{1: text}": {1: text}",
  ""{3.2222: text}": {3.2222: text}",
  ""{h'68656c6c6f': text}": {h'68656c6c6f': text}",
  ""{text: number}": {text: number}",
  ""{true: text}": {true: text}",
  ""@a(@b(42))": @a(@b(42))",
  ""@anything(*)": @anything(*)",
  ""@arr([@item(number)])": @arr([@item(number)])",
  ""@arr([42])": @arr([42])",
  ""@item(42)": @item(42)",
  ""@item(bool | text)": @item(bool | text)",
  ""@name bool": throw:UnexpectedToken(Bool)@6-10",
  ""@name(bool": throw:ExpectedCloseParen@10-10",
  ""@name(bool)": @name(bool)",
  ""@nothing(!*)": @nothing(!*)",
  ""@num(42)": @num(42)",
  ""@outer([@inner(42)])": @outer([@inner(42)])",
  ""@outer(@inner(42))": @outer(@inner(42))",
  ""@outer(@inner(bool))": @outer(@inner(bool))",
  ""@result(bool | (text & !null)) | @number(number)": @result(bool | (text & !null){1}) | @number(number)",
  ""@test(42)": @test(42)",
  ""@val(42 | 100)": @val(42 | 100)",
  ""*": *",
  ""/^hello/": /^hello/",
  ""<=10": <=10",
  ""<10": <10",
  "">=10": >=10",
  "">10": >10",
  "">5 & <10": >5 & <10",
  ""1...10": 1...10",
  ""10...20": 10...20",
  ""3.14": 3.14",
  ""3.2222": 3.2222",
  ""42    more stuff": throw:ExtraData@2-16",
  ""42 |": throw:UnexpectedEndOfInput",
  ""42": 42",
  ""array | map": array | map",
  ""array": array",
  ""bool & !text": bool & !text",
  ""bool & text & number": bool & text & number",
  ""bool & text": bool & text",
  ""bool | !text": bool | !text",
  ""bool | number": bool | number",
  ""bool | text & number": bool | text & number",
  ""bool | text | number": bool | text | number",
  ""bool | text": bool | text",
  ""bool": bool",
  ""bool&text&number": bool & text & number",
  ""bool|text|number": bool | text | number",
  ""bstr": bstr",
  ""date": date",
  ""digest''": throw:InvalidDigestPattern@0-8",
  ""digest'abc'": throw:InvalidHexString@0-11",
  ""digest'unclosed": throw:UnterminatedDigestQuoted@0-15",
  ""digest'ur:invalid/data'": throw:InvalidUr@0-23",
  ""digest'xyzz'": throw:InvalidDigestPattern@0-12",
  ""digest": digest",
  ""false": false",
  ""h'000102'": h'000102'",
  ""h'00010203fffefd'": h'00010203fffefd'",
  ""h'01020304'": h'01020304'",
  ""h'0506'": h'0506'",
  ""h'deadbeef'": h'deadbeef'",
  ""Infinity": Infinity",
  ""known": known",
  ""map": map",
  ""NaN": NaN",
  ""null": null",
  ""number & (42 | 43)": number & (42 | 43){1}",
  ""number & 42 | text": number & 42 | text",
  ""number & 42": number & 42",
  ""number & text": number & text",
  ""number | text | bool": number | text | bool",
  ""number | text": number | text",
  ""number": number",
  ""search 42": throw:UnexpectedToken(NumberLiteral)@7-9",
  ""search()": throw:UnexpectedToken(ParenClose)@7-8",
  ""search([@a(*), @rest((*)*)])": search([@a(*), @rest((*)*)])",
  ""search([*])": search([*])",
  ""search(@found(42))": search(@found(42))",
  ""search(@item(42))": search(@item(42))",
  ""search(@item(array))": search(@item(array))",
  ""search(@notfound(999))": search(@notfound(999))",
  ""search(@nums(number))": search(@nums(number))",
  ""search(@target(42))": search(@target(42))",
  ""search(*)": search(*)",
  ""search(1)": search(1)",
  ""search(42": throw:ExpectedCloseParen@9-9",
  ""search(42) & search(text)": search(42) & search(text)",
  ""search(42) | text": search(42) | text",
  ""search(42)": search(42)",
  ""search(array)": search(array)",
  ""search(bool | text)": search(bool | text)",
  ""search(number)": search(number)",
  ""tagged": tagged",
  ""tagged(1, @content(42))": tagged(1, @content(42))",
  ""text": text",
  ""true | false": true | false",
  ""true extra": throw:ExtraData@4-10",
  ""true false": throw:ExtraData@4-10",
  ""true": true",
  ""\\"hello\\" | 42": "hello" | 42",
  ""[({\\"id\\": number})*, (*)*, ({\\"name\\": text})*]": [({"id": number})*, (*)*, ({"name": text})*]",
  ""[{\\"id\\": number}, (*)*]": [{"id": number}, (*)*]",
  ""[@first(\\"a\\"), @second(42)]": [@first("a"), @second(42)]",
  ""{\\"data\\": @inner(array)}": {"data": @inner(array)}",
  ""{\\"name\\": \\"Alice\\"}": {"name": "Alice"}",
  ""{\\"name\\":text, \\"age\\":number}": {"name": text, "age": number}",
  ""{\\"status\\": @status(text)}": {"status": @status(text)}",
  ""{\\"users\\": [{3,}]}": {"users": [{3,}]}",
  ""{@any_key(text): @any_value(*)}": {@any_key(text): @any_value(*)}",
  ""{@key(\\"name\\"): @value(\\"Alice\\")}": {@key("name"): @value("Alice")}",
  ""{@key1(text): @val1(number), @key2(text): @val2(text)}": {@key1(text): @val1(number), @key2(text): @val2(text)}",
  ""{*:\\"target\\", 42:true}": {*: "target", 42: true}",
  ""@first(42) | @second(\\"hello\\")": @first(42) | @second("hello")",
  ""@greeting(\\"hello\\")": @greeting("hello")",
  ""digest'\${digestHex}'": throw:InvalidDigestPattern@0-20",
  ""search(\\"hello\\")": search("hello")",
  ""search(\\"needle\\")": search("needle")",
  ""search(@deep(\\"target\\"))": search(@deep("target"))",
  ""search(@found({\\"id\\": @id_value(number)}))": search(@found({"id": @id_value(number)}))",
  ""tagged(100, [\\"target\\"])": tagged(100, ["target"])",
  ""tagged(100, [({\\"key\\": number})*, \\"separator\\", ({\\"value\\": text})*])": tagged(100, [({"key": number})*, "separator", ({"value": text})*])",
  ""tagged(100, [(*)*, \\"target\\", (*)*])": tagged(100, [(*)*, "target", (*)*])",
  ""tagged(100, {\\"a\\": {\\"b\\": {\\"c\\": {\\"d\\": [42]}}}})": tagged(100, {"a": {"b": {"c": {"d": [42]}}}})",
  ""tagged(200, {\\"data\\": [({\\"value\\": number})*]})": tagged(200, {"data": [({"value": number})*]})",
  ""tagged(200, {\\"data\\": [{\\"value\\": number}]})": tagged(200, {"data": [{"value": number}]})",
  ""tagged(300, [{*: *}, (*)*])": tagged(300, [{*: *}, (*)*])",
  ""tagged(400, {\\"level1\\": {\\"level2\\": {\\"level3\\": [42]}}})": tagged(400, {"level1": {"level2": {"level3": [42]}}})",
  ""@(42)": throw:InvalidCaptureGroupName@0-1",
  ""@name()": throw:UnexpectedToken(ParenClose)@6-7",
  ""@name(42": throw:ExpectedCloseParen@8-8",
  ""digest'xyz'": throw:InvalidDigestPattern@0-11",
  ""h'/abc/'": h'/abc/'",
  ""number(42)": throw:ExtraData@6-10",
  ""number(-1)": throw:ExtraData@6-10",
  ""number(1.5)": throw:ExtraData@6-11",
  ""number(1...10)": throw:ExtraData@6-14",
  ""number(>5)": throw:ExtraData@6-10",
  ""number(>=5)": throw:ExtraData@6-11",
  ""number(<5)": throw:ExtraData@6-10",
  ""number(<=5)": throw:ExtraData@6-11",
  ""number(NaN)": throw:ExtraData@6-11",
  ""number(Infinity)": throw:ExtraData@6-16",
  ""number(-Infinity)": throw:ExtraData@6-17",
  ""text(\\"hello\\")": throw:ExtraData@4-13",
  ""text(/^h/)": throw:ExtraData@4-10",
  ""bstr(h'0102')": throw:ExtraData@4-13",
  ""bstr(/^\\\\x01/)": throw:ExtraData@4-13",
  ""date(2023-01-01)": throw:ExtraData@4-16",
  ""date(2023-01-01...2023-12-31)": throw:ExtraData@4-29",
  ""date(2023-01-01...)": throw:ExtraData@4-19",
  ""date(...2023-12-31)": throw:ExtraData@4-19",
  ""date(iso-8601:2023)": throw:ExtraData@4-19",
  ""date(/2023/)": throw:ExtraData@4-12",
  ""known(1)": throw:ExtraData@5-8",
  ""known('isA')": throw:ExtraData@5-12",
  ""known(/^is/)": throw:ExtraData@5-12",
  ""digest(0000)": throw:ExtraData@6-12",
  ""digest(h'00')": throw:ExtraData@6-13",
  ""digest(ur:digest/hdcxjkgtghdsctkocwcelokebdzedpsbrnjnsemsdnndhknpmhstsfhceosgltdmdtaoloehk)": throw:ExtraData@6-91",
  ""tagged(1)": throw:UnexpectedEndOfInput",
  ""tagged(1, *)": tagged(1, *)",
  ""tagged(date, *)": tagged(date, *)",
  ""tagged(/^d/, *)": tagged(/^d/,  *)",
  ""tagged(*, number)": tagged(*, number)",
  ""[]": [{0}]",
  ""[number, text]": [number, text]",
  ""[(number)+, text]": [(number)+, text]",
  ""[@a(*)*]": throw:ExpectedCloseBracket@6-7",
  ""{*}": throw:ExpectedColon@2-3",
  ""{\\"a\\": *}": {"a": *}",
  ""{number: text}": {number: text}",
  ""{\\"a\\": number, \\"b\\": text}": {"a": number, "b": text}",
  ""{{2}}": {{2}}",
  ""{{1,3}}": {{1,3}}",
  ""search(text(\\"x\\"))": throw:ExpectedCloseParen@11-12",
  ""@x(number)": @x(number)",
  ""@name(text | number)": @name(text | number)",
  ""(number | text) & !bool": (number | text){1} & !bool",
  ""number & *": number & *",
  ""((((number))))": ((((number){1}){1}){1}){1}",
  ""[(*)*, @last(*)]": [(*)*, @last(*)]",
  ""[@item(number){2,3}]": throw:ExpectedCloseBracket@14-19",
  ""[(number){2}]": [(number){2}]",
  ""[@a(number), @b(text), (*)*]": [@a(number), @b(text), (*)*]",
  ""{@k(text): @v(number)}": {@k(text): @v(number)}",
  ""tagged(@t(1), @c(*))": throw:UnexpectedEndOfInput",
  ""search(@n(number))": search(@n(number))",
  ""(": throw:UnexpectedEndOfInput",
  ""[": throw:UnexpectedEndOfInput",
  ""{": throw:UnexpectedEndOfInput",
  "")": throw:UnexpectedToken(ParenClose)@0-1",
  ""number(": throw:ExtraData@6-7",
  ""number(1..2)": throw:ExtraData@6-12",
  ""text(/unterminated": throw:ExtraData@4-18",
  ""@(number)": throw:InvalidCaptureGroupName@0-1",
  ""@1x(number)": throw:InvalidCaptureGroupName@0-1",
  ""number | ": throw:UnexpectedEndOfInput",
  ""& number": throw:UnexpectedToken(And)@0-1",
  ""[number,]": throw:UnexpectedToken(BracketClose)@8-9",
  ""{\\"a\\":}": throw:UnexpectedToken(BraceClose)@5-6",
  ""tagged(,*)": throw:UnexpectedEndOfInput",
  ""date(2023-13-01)": throw:ExtraData@4-16",
  ""known(1": throw:ExtraData@5-7",
  ""bstr(h'zz')": throw:ExtraData@4-11",
  ""digest(h'')": throw:ExtraData@6-11",
  ""[(*){3,1}]": throw:InvalidRange@4-9",
  ""[(*){-1}]": throw:ExpectedCloseBracket@4-5",
  ""number(1...)": throw:ExtraData@6-12",
  ""number(...5)": throw:ExtraData@6-12",
  ""text(\\"unterminated": throw:ExtraData@4-18",
  ""xyz": throw:UnrecognizedToken@0-3",
  ""Number": throw:UnrecognizedToken@0-6",
  ""NUMBER": throw:UnrecognizedToken@0-6",
  ""array(3)": throw:ExtraData@5-8",
  ""map(2)": throw:ExtraData@3-6",
  ""[(*)*, (*)*]": [(*)*, (*)*]",
]
`;
