// Vitest Snapshot v1, https://vitest.dev/guide/snapshot.html

exports[`dcbor-pattern properties > a capture-free pattern yields the same paths with and without captures 1`] = `[]`;

exports[`dcbor-pattern properties > captures only hold paths that start at the root 1`] = `
[
  "(@a(number)) on 8103: @a 03",
  "(@a(number) | @b(text))* on 83010203: @a 01",
  "(@a(number) | @b(text))* on 83010203: @a 02",
  "(@a(number) | @b(text))* on 83010203: @a 03",
  "(@a(number) | @b(text))* on 83010101: @a 01",
  "(@a(number) | @b(text))* on 83010101: @a 01",
  "(@a(number) | @b(text))* on 83010101: @a 01",
  "(@a(number) | @b(text))* on 8103: @a 03",
  "(@a(number) | @b(text))* on 8301182a03: @a 01",
  "(@a(number) | @b(text))* on 8301182a03: @a 182a",
  "(@a(number) | @b(text))* on 8301182a03: @a 03",
  "[@x(search(1))] on 83010203: @x 01",
  "[@x(search(1))] on 83010101: @x 01",
  "[@x(search(1))] on 8301182a03: @x 01",
]
`;

exports[`dcbor-pattern properties > every path starts at the root and descends the haystack 1`] = `
[
  "[@x(search(1))] on 83010203: path does not start at the root",
  "[@x(search(1))] on 8301617803: path does not start at the root",
  "[@x(search(1))] on 84016178036179: path does not start at the root",
  "[@x(search(1))] on 82018202820382048205666e6565646c65: path does not start at the root",
  "[@x(search(1))] on 83010101: path does not start at the root",
  "[@x(search(1))] on 8401020102: path does not start at the root",
  "[@x(search(1))] on 820101: path does not start at the root",
  "[@x(search(1))] on 8101: path does not start at the root",
  "[@x(search(1))] on 820102: path does not start at the root",
  "[@x(search(1))] on 84616101616202: path does not start at the root",
  "[@x(search(1))] on 820103: path does not start at the root",
  "[@x(search(1))] on 8301182a03: path does not start at the root",
  "[@x(search(1))] on 83010201: path does not start at the root",
  "[@x(search(1))] on 82018101: path does not start at the root",
]
`;

exports[`dcbor-pattern properties > matches agrees with pathsWithCaptures 1`] = `
[
  "[(@a(number))*] on 80: matches true, pathsWithCaptures false",
  "[(@a(1))+] on 83010101: matches true, pathsWithCaptures false",
  "[(@a(1))+] on 820101: matches true, pathsWithCaptures false",
  "[(@a(1))+] on 8101: matches true, pathsWithCaptures false",
  "[@x(search(1))] on 82810182028103: matches true, pathsWithCaptures false",
  "[@x(search(1))] on 83a162696401a162696402a1646e616d656178: matches true, pathsWithCaptures false",
  "[@x(search(1))] on 8281018101: matches true, pathsWithCaptures false",
]
`;

exports[`dcbor-pattern properties > no path is reported twice 1`] = `[]`;
